INFO [26-3-2026__12:0:42] Запуск телеграмм бота
INFO [26-3-2026__12:1:1] user_id=5087185874, chat_id=5087185874 - команда /start
INFO [26-3-2026__12:1:25] user_id=5087185874, chat_id=5087185874 - команда /start
INFO [26-3-2026__12:1:28] user_id=5087185874, chat_id=5087185874 - команда /start
INFO [26-3-2026__12:1:32] user_id=5087185874, chat_id=5087185874 - команда /start
INFO [26-3-2026__12:1:37] user_id=5087185874, chat_id=5087185874 - команда /start
INFO [26-3-2026__12:1:40] user_id=5087185874, chat_id=5087185874 - команда /start
INFO [26-3-2026__12:1:48] user_id=5087185874, chat_id=5087185874 - команда /dict
INFO [26-3-2026__12:3:4] user_id=5087185874, chat_id=5087185874 - команда /dict
INFO [26-3-2026__12:3:5] user_id=5087185874, chat_id=5087185874 - команда /dict
INFO [26-3-2026__12:3:7] user_id=5087185874, chat_id=5087185874 - команда /start
INFO [26-3-2026__12:3:10] user_id=5087185874, chat_id=5087185874 - команда /start
INFO [26-3-2026__12:3:11] user_id=5087185874, chat_id=5087185874 - команда /start
INFO [26-3-2026__12:3:13] user_id=5087185874, chat_id=5087185874 - команда /start
INFO [26-3-2026__12:3:15] user_id=5087185874, chat_id=5087185874 - команда /start
INFO [26-3-2026__12:3:16] user_id=5087185874, chat_id=5087185874 - команда /start
INFO [26-3-2026__12:3:18] user_id=5087185874, chat_id=5087185874 - команда /start
INFO [26-3-2026__12:3:19] user_id=5087185874, chat_id=5087185874 - команда /start
INFO [26-3-2026__12:3:20] user_id=5087185874, chat_id=5087185874 - команда /start
INFO [26-3-2026__12:3:23] user_id=5087185874, chat_id=5087185874 - команда /start
INFO [26-3-2026__12:3:52] user_id=5087185874, chat_id=5087185874 - команда /dict
INFO [26-3-2026__12:4:9] user_id=5087185874, chat_id=5087185874 - команда /start
INFO [26-3-2026__12:4:9] user_id=5087185874, chat_id=5087185874 - команда /start
INFO [26-3-2026__12:4:9] user_id=5087185874, chat_id=5087185874 - команда /start
INFO [26-3-2026__12:4:26] user_id=5087185874, chat_id=5087185874 - команда /dict
INFO [26-3-2026__12:4:55] user_id=5087185874, chat_id=5087185874 - добавление слова магазин: Слово: магазин, было добавлено
INFO [26-3-2026__12:5:18] user_id=5087185874, chat_id=5087185874 - добавление слова город: Слово: город, было добавлено
INFO [26-3-2026__12:5:31] user_id=5087185874, chat_id=5087185874 - добавление слова пол: Слово: пол, было добавлено
INFO [26-3-2026__12:5:46] user_id=5087185874, chat_id=5087185874 - добавление слова слон: Слово: слон, было добавлено
INFO [26-3-2026__12:5:59] user_id=5087185874, chat_id=5087185874 - добавление слова змея: Слово: змея, было добавлено
INFO [26-3-2026__12:6:19] user_id=5087185874, chat_id=5087185874 - добавление слова шкаф: Слово: шкаф, было добавлено
INFO [26-3-2026__13:43:33] Запуск телеграмм бота
INFO [26-3-2026__13:43:57] Запуск телеграмм бота
INFO [26-3-2026__13:44:2] user_id=5087185874, chat_id=5087185874 - команда /help
INFO [26-3-2026__14:31:45] Запуск телеграмм бота
INFO [26-3-2026__14:32:7] user_id=5087185874, chat_id=5087185874 - команда /help
INFO [26-3-2026__14:32:19] user_id=5087185874, chat_id=5087185874 - команда /dict
INFO [26-3-2026__14:36:35] Запуск телеграмм бота
INFO [26-3-2026__14:37:20] user_id=5087185874, chat_id=5087185874 - команда /dict
INFO [26-3-2026__20:47:11] Запуск телеграмм бота
INFO [26-3-2026__20:50:0] Исключение BaseException - 
